 %  { U}  B60+=&  L C     # [   UEB     
 |  $ C%  BC+     R |     > A    PU   E 
 >  @ >P  KL\       K     } %    RA   4 
 A  X  2  PE              \      PM   7 
 T  {     T               M       B   = 
    0     |                       8     
                                  2     
                                        
                                        
                                        
